cargo : warning: use of 
deprecated method `soroban_sd
k::events::Events::publish`: 
use the #[contractevent] 
macro on a contract event 
type
At line:1 char:1
+ cargo test -p 
liquifact_escrow > 
build_output.txt 2>&1
+ ~~~~~~~~~~~~~~~~~~~~~~~~~~~
~~~~~~~~~~~~~~~~~~~~~~~~~~~
    + CategoryInfo           
   : NotSpecified: (warning  
  : use of...ract event ty   
 pe:String) [], RemoteExc    
eption
    + FullyQualifiedErrorId  
   : NativeCommandError
 
   --> 
escrow\src\lib.rs:120:22
    |
120 | ...ts().publish(
    |         ^^^^^^^
    |
    = note: 
`#[warn(deprecated)]` on by 
default

warning: use of deprecated 
method `soroban_sdk::events::
Events::publish`: use the 
#[contractevent] macro on a 
contract event type
   --> 
escrow\src\lib.rs:146:22
    |
146 | ...ts().publish(
    |         ^^^^^^^

   Compiling 
liquifact_escrow v0.1.0 (C:\U
sers\ADMIN\Desktop\remmy-drip
s\Liquifact-contracts\escrow)
warning: `liquifact_escrow` 
(lib) generated 2 warnings
error: symbol bad char: 
encountered `45`, supported 
range [a-zA-Z0-9_]
  --> 
escrow\src\test.rs:76:24
   |
76 |         
&symbol_short!("INV-P1"),
   |                        
^^^^^^^^

error: symbol bad char: 
encountered `45`, supported 
range [a-zA-Z0-9_]
   --> 
escrow\src\test.rs:118:24
    |
118 |         
&symbol_short!("INV-O1"),
    |                        
^^^^^^^^

error: symbol bad char: 
encountered `45`, supported 
range [a-zA-Z0-9_]
   --> 
escrow\src\test.rs:147:24
    |
147 |         
&symbol_short!("INV-NF"),
    |                        
^^^^^^^^

warning: use of deprecated 
method `soroban_sdk::events::
Events::publish`: use the 
#[contractevent] macro on a 
contract event type
   --> 
escrow\src\lib.rs:120:22
    |
120 |         
env.events().publish(
    |                      
^^^^^^^
    |
    = note: 
`#[warn(deprecated)]` on by 
default

warning: use of deprecated 
method `soroban_sdk::events::
Events::publish`: use the 
#[contractevent] macro on a 
contract event type
   --> 
escrow\src\lib.rs:146:22
    |
146 |         
env.events().publish(
    |                      
^^^^^^^

warning: `liquifact_escrow` 
(lib test) generated 2 
warnings
error: could not compile 
`liquifact_escrow` (lib 
test) due to 3 previous 
errors; 2 warnings emitted
