cargo : warning: use of 
deprecated method `soroban_sd
k::events::Events::publish`: 
use the #[contractevent] 
macro on a contract event 
type
At line:1 char:1
+ cargo test -p 
liquifact_escrow > 
test_output.txt 2>&1
+ ~~~~~~~~~~~~~~~~~~~~~~~~~~~
~~~~~~~~~~~~~~~~~~~~~~~~~~
    + CategoryInfo           
   : NotSpecified: (warning  
  : use of...ract event ty   
 pe:String) [], RemoteExc    
eption
    + FullyQualifiedErrorId  
   : NativeCommandError
 
   --> 
escrow\src\lib.rs:118:22
    |
118 | ...ts().publish(
    |         ^^^^^^^
    |
    = note: 
`#[warn(deprecated)]` on by 
default

warning: `liquifact_escrow` 
(lib) generated 1 warning
warning: `liquifact_escrow` 
(lib test) generated 1 
warning (1 duplicate)
    Finished `test` profile 
[unoptimized + debuginfo] 
target(s) in 1.59s
     Running unittests 
src\lib.rs (target\debug\deps
\liquifact_escrow-49da684cb4c
a3e99.exe)

running 5 tests
test test::test_update_maturity_wrong_state - should panic ... ok
test test::test_init_and_get_escrow ... ok
test test::test_fund_and_settle ... ok
test test::test_update_maturity_success ... ok
test test::test_update_maturity_unauthorized - should panic ... FAILED

failures:

---- test::test_update_maturity_unauthorized stdout ----

thread 'test::test_update_maturity_unauthorized' (676) panicked at C:\Users\ADMIN\.cargo\registry\src\index.crates.io-1949cf8c6b5b557f\soroban-sdk-25.3.0\src\env.rs:1593:14:
called `Result::unwrap()` on an `Err` value: HostError: Error(Storage, MissingValue)

Event log (newest first):
   0: [Diagnostic Event] topics:[error, Error(Storage, MissingValue)], data:"trying to get non-existing value for contract instance"

Writing test snapshot file for test "test::test_update_maturity_unauthorized" to "test_snapshots\\test\\test_update_maturity_unauthorized.1.json".
note: panic did not contain expected string
      panic message: "called `Result::unwrap()` on an `Err` value: HostError: Error(Storage, MissingValue)\n\nEvent log (newest first):\n   0: [Diagnostic Event] topics:[error, Error(Storage, MissingValue)], data:\"trying to get non-existing value for contract instance\"\n"
 expected substring: "Status(Context(InvalidAction))"

failures:
    test::test_update_maturity_unauthorized

test result: FAILED. 4 passed; 1 failed; 0 ignored; 0 measured; 0 filtered out; finished in 0.18s

error: test failed, to rerun 
pass `-p liquifact_escrow 
--lib`
